Traceback (most recent call last):
  File "/usr/local/lib/python3.9/site-packages/jupyter_cache/executors/utils.py", line 58, in single_nb_execution
    executenb(
  File "/usr/local/lib/python3.9/site-packages/nbclient/client.py", line 1112, in execute
    return NotebookClient(nb=nb, resources=resources, km=km, **kwargs).execute()
  File "/usr/local/lib/python3.9/site-packages/nbclient/util.py", line 74, in wrapped
    return just_run(coro(*args, **kwargs))
  File "/usr/local/lib/python3.9/site-packages/nbclient/util.py", line 53, in just_run
    return loop.run_until_complete(coro)
  File "/usr/local/Cellar/python@3.9/3.9.18_2/Frameworks/Python.framework/Versions/3.9/lib/python3.9/asyncio/base_events.py", line 647, in run_until_complete
    return future.result()
  File "/usr/local/lib/python3.9/site-packages/nbclient/client.py", line 553, in async_execute
    await self.async_execute_cell(
  File "/usr/local/lib/python3.9/site-packages/nbclient/client.py", line 857, in async_execute_cell
    self._check_raise_for_error(cell, exec_reply)
  File "/usr/local/lib/python3.9/site-packages/nbclient/client.py", line 760, in _check_raise_for_error
    raise CellExecutionError.from_cell_and_msg(cell, exec_reply_content)
nbclient.exceptions.CellExecutionError: An error occurred while executing the following cell:
------------------
import matplotlib.pyplot as plt
import numpy as np
import pandas as pd

plt.figure(figsize=(10,6))

# Create a scatter plot
colors = {'Online':'blue', 'TV':'orange', 'Radio':'green'}
for medio in df['Medio'].unique():
    subset = df[df['Medio'] == medio]
    plt.scatter(subset['Ad cost'], subset['Sales'], s=100, label=medio, color=colors[medio])

# Calculate and plot the regression line
# Combine all points regardless of the 'Medio' for the regression line
X = df['Ad cost'][:, np.newaxis]  # X needs to be 2D for sklearn
Y = df['Sales']
model = np.polyfit(X.flatten(), Y, 1)
predicted = np.polyval(model, X.flatten())
plt.plot(X.flatten(), predicted, color='red')

plt.title('Diagrama de dispersión del costo de publicidad vs ventas')
plt.xlabel('Costos de publicidad')
plt.ylabel('Ventas')
plt.legend()
plt.grid(True)
plt.show()

------------------

[0;31m---------------------------------------------------------------------------[0m
[0;31mKeyError[0m                                  Traceback (most recent call last)
[0;32m<ipython-input-2-02f91c171686>[0m in [0;36m<module>[0;34m[0m
[1;32m      9[0m [0;32mfor[0m [0mmedio[0m [0;32min[0m [0mdf[0m[0;34m[[0m[0;34m'Medio'[0m[0;34m][0m[0;34m.[0m[0munique[0m[0;34m([0m[0;34m)[0m[0;34m:[0m[0;34m[0m[0;34m[0m[0m
[1;32m     10[0m     [0msubset[0m [0;34m=[0m [0mdf[0m[0;34m[[0m[0mdf[0m[0;34m[[0m[0;34m'Medio'[0m[0;34m][0m [0;34m==[0m [0mmedio[0m[0;34m][0m[0;34m[0m[0;34m[0m[0m
[0;32m---> 11[0;31m     [0mplt[0m[0;34m.[0m[0mscatter[0m[0;34m([0m[0msubset[0m[0;34m[[0m[0;34m'Ad cost'[0m[0;34m][0m[0;34m,[0m [0msubset[0m[0;34m[[0m[0;34m'Sales'[0m[0;34m][0m[0;34m,[0m [0ms[0m[0;34m=[0m[0;36m100[0m[0;34m,[0m [0mlabel[0m[0;34m=[0m[0mmedio[0m[0;34m,[0m [0mcolor[0m[0;34m=[0m[0mcolors[0m[0;34m[[0m[0mmedio[0m[0;34m][0m[0;34m)[0m[0;34m[0m[0;34m[0m[0m
[0m[1;32m     12[0m [0;34m[0m[0m
[1;32m     13[0m [0;31m# Calculate and plot the regression line[0m[0;34m[0m[0;34m[0m[0m

[0;31mKeyError[0m: 'Google Ads'
KeyError: 'Google Ads'

