Traceback (most recent call last):
  File "/usr/local/lib/python3.9/site-packages/jupyter_cache/executors/utils.py", line 58, in single_nb_execution
    executenb(
  File "/usr/local/lib/python3.9/site-packages/nbclient/client.py", line 1112, in execute
    return NotebookClient(nb=nb, resources=resources, km=km, **kwargs).execute()
  File "/usr/local/lib/python3.9/site-packages/nbclient/util.py", line 74, in wrapped
    return just_run(coro(*args, **kwargs))
  File "/usr/local/lib/python3.9/site-packages/nbclient/util.py", line 53, in just_run
    return loop.run_until_complete(coro)
  File "/usr/local/Cellar/python@3.9/3.9.18_2/Frameworks/Python.framework/Versions/3.9/lib/python3.9/asyncio/base_events.py", line 647, in run_until_complete
    return future.result()
  File "/usr/local/lib/python3.9/site-packages/nbclient/client.py", line 553, in async_execute
    await self.async_execute_cell(
  File "/usr/local/lib/python3.9/site-packages/nbclient/client.py", line 857, in async_execute_cell
    self._check_raise_for_error(cell, exec_reply)
  File "/usr/local/lib/python3.9/site-packages/nbclient/client.py", line 760, in _check_raise_for_error
    raise CellExecutionError.from_cell_and_msg(cell, exec_reply_content)
nbclient.exceptions.CellExecutionError: An error occurred while executing the following cell:
------------------
from sklearn.metrics import mean_absolute_error

# Dividiendo los datos en entrenamiento y prueba
train_data = y_series[:int(0.9 * len(y_series))]
test_data = y_series[int(0.9 * len(y_series)):]

# Ajustando el modelo AR(3) al conjunto de entrenamiento
model_train = AutoReg(train_data, lags=3).fit()

# Haciendo predicciones en el conjunto de prueba
predictions = model_train.predict(start=len(train_data), end=len(train_data) + len(test_data) - 1, dynamic=False)

# Calculando el Error Absoluto Medio (MAE)
mae = mean_absolute_error(test_data, predictions)

mae

------------------

[0;31m-----------------------------------------------------------[0m
[0;31mModuleNotFoundError[0m       Traceback (most recent call last)
[0;32m<ipython-input-9-18ecff461b8f>[0m in [0;36m<module>[0;34m[0m
[0;32m----> 1[0;31m [0;32mfrom[0m [0msklearn[0m[0;34m.[0m[0mmetrics[0m [0;32mimport[0m [0mmean_absolute_error[0m[0;34m[0m[0;34m[0m[0m
[0m[1;32m      2[0m [0;34m[0m[0m
[1;32m      3[0m [0;31m# Dividiendo los datos en entrenamiento y prueba[0m[0;34m[0m[0;34m[0m[0m
[1;32m      4[0m [0mtrain_data[0m [0;34m=[0m [0my_series[0m[0;34m[[0m[0;34m:[0m[0mint[0m[0;34m([0m[0;36m0.9[0m [0;34m*[0m [0mlen[0m[0;34m([0m[0my_series[0m[0;34m)[0m[0;34m)[0m[0;34m][0m[0;34m[0m[0;34m[0m[0m
[1;32m      5[0m [0mtest_data[0m [0;34m=[0m [0my_series[0m[0;34m[[0m[0mint[0m[0;34m([0m[0;36m0.9[0m [0;34m*[0m [0mlen[0m[0;34m([0m[0my_series[0m[0;34m)[0m[0;34m)[0m[0;34m:[0m[0;34m][0m[0;34m[0m[0;34m[0m[0m

[0;31mModuleNotFoundError[0m: No module named 'sklearn'
ModuleNotFoundError: No module named 'sklearn'

